// Jest Snapshot v1, https://goo.gl/fbAQLP

exports[`tests in <SearchPage /> component shows correctly with the default values 1`] = `
<div>
  <h1>
    Search
  </h1>
  <hr />
  <div
    class="row"
  >
    <div
      class="col-5"
    >
      <h4>
        Searching
      </h4>
      <hr />
      <form
        aria-label="form"
      >
        <input
          autocomplete="off"
          class="form-control"
          name="searchText"
          placeholder="Search a hero"
          type="text"
          value=""
        />
        <button
          class="btn btn-outline-primary mt-3"
        >
          Search
        </button>
      </form>
    </div>
    <div
      class="col-7"
    >
      <h4>
        Results
      </h4>
      <hr />
      <div
        aria-label="searchHeroDiv"
        class="alert alert-primary animate__animated animate__fadeIn"
      >
        Search a hero
      </div>
      <div
        aria-label="noHeroDiv"
        class="alert alert-danger animate__animated animate__fadeIn"
        style="display: none;"
      >
        No hero with 
        <b />
      </div>
      <div
        class="card animate__animated animate__fadeIn"
      >
        <div
          class="row no-gutters"
        >
          <div
            class="col-4"
          >
            <img
              alt="Batman"
              class="card-img"
              src="/assets/heroes/dc-batman.jpg"
            />
          </div>
          <div
            class="col-8"
          >
            <div
              class="card-body"
            >
              <h5
                class="card-title"
              >
                Batman
              </h5>
              <p
                class="card-text"
              >
                Bruce Wayne
              </p>
              <p
                class="card-text"
              >
                <small
                  class="text-muted"
                >
                  Detective Comics #27
                </small>
              </p>
              <a
                href="/hero/dc-batman"
              >
                More information
              </a>
            </div>
          </div>
        </div>
      </div>
      <div
        class="card animate__animated animate__fadeIn"
      >
        <div
          class="row no-gutters"
        >
          <div
            class="col-4"
          >
            <img
              alt="Superman"
              class="card-img"
              src="/assets/heroes/dc-superman.jpg"
            />
          </div>
          <div
            class="col-8"
          >
            <div
              class="card-body"
            >
              <h5
                class="card-title"
              >
                Superman
              </h5>
              <p
                class="card-text"
              >
                Kal-El
              </p>
              <p
                class="card-text"
              >
                <small
                  class="text-muted"
                >
                  Action Comics #1
                </small>
              </p>
              <a
                href="/hero/dc-superman"
              >
                More information
              </a>
            </div>
          </div>
        </div>
      </div>
      <div
        class="card animate__animated animate__fadeIn"
      >
        <div
          class="row no-gutters"
        >
          <div
            class="col-4"
          >
            <img
              alt="Flash"
              class="card-img"
              src="/assets/heroes/dc-flash.jpg"
            />
          </div>
          <div
            class="col-8"
          >
            <div
              class="card-body"
            >
              <h5
                class="card-title"
              >
                Flash
              </h5>
              <p
                class="card-text"
              >
                Jay Garrick
              </p>
              <p
                class="card-text"
              >
                Jay Garrick, Barry Allen, Wally West, Bart Allen
              </p>
              <p
                class="card-text"
              >
                <small
                  class="text-muted"
                >
                  Flash Comics #1
                </small>
              </p>
              <a
                href="/hero/dc-flash"
              >
                More information
              </a>
            </div>
          </div>
        </div>
      </div>
      <div
        class="card animate__animated animate__fadeIn"
      >
        <div
          class="row no-gutters"
        >
          <div
            class="col-4"
          >
            <img
              alt="Green Lantern"
              class="card-img"
              src="/assets/heroes/dc-green.jpg"
            />
          </div>
          <div
            class="col-8"
          >
            <div
              class="card-body"
            >
              <h5
                class="card-title"
              >
                Green Lantern
              </h5>
              <p
                class="card-text"
              >
                Alan Scott
              </p>
              <p
                class="card-text"
              >
                Alan Scott, Hal Jordan, Guy Gardner, John Stewart, Kyle Raynor, Jade, Sinestro, Simon Baz
              </p>
              <p
                class="card-text"
              >
                <small
                  class="text-muted"
                >
                  All-American Comics #16
                </small>
              </p>
              <a
                href="/hero/dc-green"
              >
                More information
              </a>
            </div>
          </div>
        </div>
      </div>
      <div
        class="card animate__animated animate__fadeIn"
      >
        <div
          class="row no-gutters"
        >
          <div
            class="col-4"
          >
            <img
              alt="Green Arrow"
              class="card-img"
              src="/assets/heroes/dc-arrow.jpg"
            />
          </div>
          <div
            class="col-8"
          >
            <div
              class="card-body"
            >
              <h5
                class="card-title"
              >
                Green Arrow
              </h5>
              <p
                class="card-text"
              >
                Oliver Queen
              </p>
              <p
                class="card-text"
              >
                <small
                  class="text-muted"
                >
                  More Fun Comics #73
                </small>
              </p>
              <a
                href="/hero/dc-arrow"
              >
                More information
              </a>
            </div>
          </div>
        </div>
      </div>
      <div
        class="card animate__animated animate__fadeIn"
      >
        <div
          class="row no-gutters"
        >
          <div
            class="col-4"
          >
            <img
              alt="Wonder Woman"
              class="card-img"
              src="/assets/heroes/dc-wonder.jpg"
            />
          </div>
          <div
            class="col-8"
          >
            <div
              class="card-body"
            >
              <h5
                class="card-title"
              >
                Wonder Woman
              </h5>
              <p
                class="card-text"
              >
                Princess Diana
              </p>
              <p
                class="card-text"
              >
                <small
                  class="text-muted"
                >
                  All Star Comics #8
                </small>
              </p>
              <a
                href="/hero/dc-wonder"
              >
                More information
              </a>
            </div>
          </div>
        </div>
      </div>
      <div
        class="card animate__animated animate__fadeIn"
      >
        <div
          class="row no-gutters"
        >
          <div
            class="col-4"
          >
            <img
              alt="Martian Manhunter"
              class="card-img"
              src="/assets/heroes/dc-martian.jpg"
            />
          </div>
          <div
            class="col-8"
          >
            <div
              class="card-body"
            >
              <h5
                class="card-title"
              >
                Martian Manhunter
              </h5>
              <p
                class="card-text"
              >
                J'onn J'onzz
              </p>
              <p
                class="card-text"
              >
                Martian Manhunter
              </p>
              <p
                class="card-text"
              >
                <small
                  class="text-muted"
                >
                  Detective Comics #225
                </small>
              </p>
              <a
                href="/hero/dc-martian"
              >
                More information
              </a>
            </div>
          </div>
        </div>
      </div>
      <div
        class="card animate__animated animate__fadeIn"
      >
        <div
          class="row no-gutters"
        >
          <div
            class="col-4"
          >
            <img
              alt="Robin/Nightwing"
              class="card-img"
              src="/assets/heroes/dc-robin.jpg"
            />
          </div>
          <div
            class="col-8"
          >
            <div
              class="card-body"
            >
              <h5
                class="card-title"
              >
                Robin/Nightwing
              </h5>
              <p
                class="card-text"
              >
                Dick Grayson
              </p>
              <p
                class="card-text"
              >
                <small
                  class="text-muted"
                >
                  Detective Comics #38
                </small>
              </p>
              <a
                href="/hero/dc-robin"
              >
                More information
              </a>
            </div>
          </div>
        </div>
      </div>
      <div
        class="card animate__animated animate__fadeIn"
      >
        <div
          class="row no-gutters"
        >
          <div
            class="col-4"
          >
            <img
              alt="Blue Beetle"
              class="card-img"
              src="/assets/heroes/dc-blue.jpg"
            />
          </div>
          <div
            class="col-8"
          >
            <div
              class="card-body"
            >
              <h5
                class="card-title"
              >
                Blue Beetle
              </h5>
              <p
                class="card-text"
              >
                Dan Garret
              </p>
              <p
                class="card-text"
              >
                Dan Garret, Ted Kord, Jaime Reyes
              </p>
              <p
                class="card-text"
              >
                <small
                  class="text-muted"
                >
                  Mystery Men Comics #1
                </small>
              </p>
              <a
                href="/hero/dc-blue"
              >
                More information
              </a>
            </div>
          </div>
        </div>
      </div>
      <div
        class="card animate__animated animate__fadeIn"
      >
        <div
          class="row no-gutters"
        >
          <div
            class="col-4"
          >
            <img
              alt="Black Canary"
              class="card-img"
              src="/assets/heroes/dc-black.jpg"
            />
          </div>
          <div
            class="col-8"
          >
            <div
              class="card-body"
            >
              <h5
                class="card-title"
              >
                Black Canary
              </h5>
              <p
                class="card-text"
              >
                Dinah Drake
              </p>
              <p
                class="card-text"
              >
                Dinah Drake, Dinah Lance
              </p>
              <p
                class="card-text"
              >
                <small
                  class="text-muted"
                >
                  Flash Comics #86
                </small>
              </p>
              <a
                href="/hero/dc-black"
              >
                More information
              </a>
            </div>
          </div>
        </div>
      </div>
      <div
        class="card animate__animated animate__fadeIn"
      >
        <div
          class="row no-gutters"
        >
          <div
            class="col-4"
          >
            <img
              alt="Spider Man"
              class="card-img"
              src="/assets/heroes/marvel-spider.jpg"
            />
          </div>
          <div
            class="col-8"
          >
            <div
              class="card-body"
            >
              <h5
                class="card-title"
              >
                Spider Man
              </h5>
              <p
                class="card-text"
              >
                Peter Parker
              </p>
              <p
                class="card-text"
              >
                <small
                  class="text-muted"
                >
                  Amazing Fantasy #15
                </small>
              </p>
              <a
                href="/hero/marvel-spider"
              >
                More information
              </a>
            </div>
          </div>
        </div>
      </div>
      <div
        class="card animate__animated animate__fadeIn"
      >
        <div
          class="row no-gutters"
        >
          <div
            class="col-4"
          >
            <img
              alt="Captain America"
              class="card-img"
              src="/assets/heroes/marvel-captain.jpg"
            />
          </div>
          <div
            class="col-8"
          >
            <div
              class="card-body"
            >
              <h5
                class="card-title"
              >
                Captain America
              </h5>
              <p
                class="card-text"
              >
                Steve Rogers
              </p>
              <p
                class="card-text"
              >
                <small
                  class="text-muted"
                >
                  Captain America Comics #1
                </small>
              </p>
              <a
                href="/hero/marvel-captain"
              >
                More information
              </a>
            </div>
          </div>
        </div>
      </div>
      <div
        class="card animate__animated animate__fadeIn"
      >
        <div
          class="row no-gutters"
        >
          <div
            class="col-4"
          >
            <img
              alt="Iron Man"
              class="card-img"
              src="/assets/heroes/marvel-iron.jpg"
            />
          </div>
          <div
            class="col-8"
          >
            <div
              class="card-body"
            >
              <h5
                class="card-title"
              >
                Iron Man
              </h5>
              <p
                class="card-text"
              >
                Tony Stark
              </p>
              <p
                class="card-text"
              >
                <small
                  class="text-muted"
                >
                  Tales of Suspense #39
                </small>
              </p>
              <a
                href="/hero/marvel-iron"
              >
                More information
              </a>
            </div>
          </div>
        </div>
      </div>
      <div
        class="card animate__animated animate__fadeIn"
      >
        <div
          class="row no-gutters"
        >
          <div
            class="col-4"
          >
            <img
              alt="Thor"
              class="card-img"
              src="/assets/heroes/marvel-thor.jpg"
            />
          </div>
          <div
            class="col-8"
          >
            <div
              class="card-body"
            >
              <h5
                class="card-title"
              >
                Thor
              </h5>
              <p
                class="card-text"
              >
                Thor Odinson
              </p>
              <p
                class="card-text"
              >
                <small
                  class="text-muted"
                >
                  Journey into Myster #83
                </small>
              </p>
              <a
                href="/hero/marvel-thor"
              >
                More information
              </a>
            </div>
          </div>
        </div>
      </div>
      <div
        class="card animate__animated animate__fadeIn"
      >
        <div
          class="row no-gutters"
        >
          <div
            class="col-4"
          >
            <img
              alt="Hulk"
              class="card-img"
              src="/assets/heroes/marvel-hulk.jpg"
            />
          </div>
          <div
            class="col-8"
          >
            <div
              class="card-body"
            >
              <h5
                class="card-title"
              >
                Hulk
              </h5>
              <p
                class="card-text"
              >
                Bruce Banner
              </p>
              <p
                class="card-text"
              >
                <small
                  class="text-muted"
                >
                  The Incredible Hulk #1
                </small>
              </p>
              <a
                href="/hero/marvel-hulk"
              >
                More information
              </a>
            </div>
          </div>
        </div>
      </div>
      <div
        class="card animate__animated animate__fadeIn"
      >
        <div
          class="row no-gutters"
        >
          <div
            class="col-4"
          >
            <img
              alt="Wolverine"
              class="card-img"
              src="/assets/heroes/marvel-wolverine.jpg"
            />
          </div>
          <div
            class="col-8"
          >
            <div
              class="card-body"
            >
              <h5
                class="card-title"
              >
                Wolverine
              </h5>
              <p
                class="card-text"
              >
                James Howlett
              </p>
              <p
                class="card-text"
              >
                <small
                  class="text-muted"
                >
                  The Incredible Hulk #180
                </small>
              </p>
              <a
                href="/hero/marvel-wolverine"
              >
                More information
              </a>
            </div>
          </div>
        </div>
      </div>
      <div
        class="card animate__animated animate__fadeIn"
      >
        <div
          class="row no-gutters"
        >
          <div
            class="col-4"
          >
            <img
              alt="Daredevil"
              class="card-img"
              src="/assets/heroes/marvel-daredevil.jpg"
            />
          </div>
          <div
            class="col-8"
          >
            <div
              class="card-body"
            >
              <h5
                class="card-title"
              >
                Daredevil
              </h5>
              <p
                class="card-text"
              >
                Matthew Michael Murdock
              </p>
              <p
                class="card-text"
              >
                <small
                  class="text-muted"
                >
                  Daredevil #1
                </small>
              </p>
              <a
                href="/hero/marvel-daredevil"
              >
                More information
              </a>
            </div>
          </div>
        </div>
      </div>
      <div
        class="card animate__animated animate__fadeIn"
      >
        <div
          class="row no-gutters"
        >
          <div
            class="col-4"
          >
            <img
              alt="Hawkeye"
              class="card-img"
              src="/assets/heroes/marvel-hawkeye.jpg"
            />
          </div>
          <div
            class="col-8"
          >
            <div
              class="card-body"
            >
              <h5
                class="card-title"
              >
                Hawkeye
              </h5>
              <p
                class="card-text"
              >
                Clinton Francis Barton
              </p>
              <p
                class="card-text"
              >
                <small
                  class="text-muted"
                >
                  Tales of Suspense #57
                </small>
              </p>
              <a
                href="/hero/marvel-hawkeye"
              >
                More information
              </a>
            </div>
          </div>
        </div>
      </div>
      <div
        class="card animate__animated animate__fadeIn"
      >
        <div
          class="row no-gutters"
        >
          <div
            class="col-4"
          >
            <img
              alt="Cyclops"
              class="card-img"
              src="/assets/heroes/marvel-cyclops.jpg"
            />
          </div>
          <div
            class="col-8"
          >
            <div
              class="card-body"
            >
              <h5
                class="card-title"
              >
                Cyclops
              </h5>
              <p
                class="card-text"
              >
                Scott Summers
              </p>
              <p
                class="card-text"
              >
                <small
                  class="text-muted"
                >
                  X-Men #1
                </small>
              </p>
              <a
                href="/hero/marvel-cyclops"
              >
                More information
              </a>
            </div>
          </div>
        </div>
      </div>
      <div
        class="card animate__animated animate__fadeIn"
      >
        <div
          class="row no-gutters"
        >
          <div
            class="col-4"
          >
            <img
              alt="Silver Surfer"
              class="card-img"
              src="/assets/heroes/marvel-silver.jpg"
            />
          </div>
          <div
            class="col-8"
          >
            <div
              class="card-body"
            >
              <h5
                class="card-title"
              >
                Silver Surfer
              </h5>
              <p
                class="card-text"
              >
                Norrin Radd
              </p>
              <p
                class="card-text"
              >
                <small
                  class="text-muted"
                >
                  The Fantastic Four #48
                </small>
              </p>
              <a
                href="/hero/marvel-silver"
              >
                More information
              </a>
            </div>
          </div>
        </div>
      </div>
    </div>
  </div>
</div>
`;
