// Jest Snapshot v1, https://goo.gl/fbAQLP

exports[`CounterApp test match snapshot 1`] = `
<div>
  <h1
    data-testid="counterAppTitle"
  >
    CounterApp
  </h1>
  <h2>
     
    0
     
  </h2>
  <button>
    -1
  </button>
  <button
    aria-label="btn-reset"
  >
    Reset
  </button>
  <button>
    +1
  </button>
</div>
`;
